Script started on Sat 21 May 2016 10:33:49 PM UTC
root@linaro-developer:~# dhry.32
bash: dhry.32: command not found
root@linaro-developer:~# dhry.32.dhry.32/dhry.32
##########################################

Dhrystone Benchmark, Version 2.1 (Language: C or C++)

Optimisation    A7 32 Bit
Register option not selected

       10000 runs   0.01 seconds 
      100000 runs   0.05 seconds 
      200000 runs   0.11 seconds 
      400000 runs   0.19 seconds 
      800000 runs   0.22 seconds 
     1600000 runs   0.44 seconds 
     3200000 runs   0.88 seconds 
     6400000 runs   1.76 seconds 
    12800000 runs   3.52 seconds 

Final values (* implementation-dependent):

Int_Glob:      O.K.  5  Bool_Glob:     O.K.  1
Ch_1_Glob:     O.K.  A  Ch_2_Glob:     O.K.  B
Arr_1_Glob[8]: O.K.  7  Arr_2_Glob8/7: O.K.    12800010
Ptr_Glob->              Ptr_Comp:       *    28049784
  Discr:       O.K.  0  Enum_Comp:     O.K.  2
  Int_Comp:    O.K.  17 Str_Comp:      O.K.  DHRYSTONE PROGRAM, SOME STRING
Next_Ptr_Glob->         Ptr_Comp:       *    28049784 same as above
  Discr:       O.K.  0  Enum_Comp:     O.K.  1
  Int_Comp:    O.K.  18 Str_Comp:      O.K.  DHRYSTONE PROGRAM, SOME STRING
Int_1_Loc:     O.K.  5  Int_2_Loc:     O.K.  13
Int_3_Loc:     O.K.  7  Enum_Loc:      O.K.  1  
Str_1_Loc:                             O.K.  DHRYSTONE PROGRAM, 1'ST STRING
Str_2_Loc:                             O.K.  DHRYSTONE PROGRAM, 2'ND STRING


From File /proc/cpuinfo
processor	: 0
model name	: ARMv7 Processor rev 4 (v7l)
BogoMIPS	: 38.40
Features	: half thumb fastmult vfp edsp neon vfpv3 tls vfpv4 idiva idivt vfpd32 lpae evtstrm crc32 
CPU implementer	: 0x41
CPU architecture: 7
CPU variant	: 0x0
CPU part	: 0xd03
CPU revision	: 4

processor	: 1
model name	: ARMv7 Processor rev 4 (v7l)
BogoMIPS	: 38.40
Features	: half thumb fastmult vfp edsp neon vfpv3 tls vfpv4 idiva idivt vfpd32 lpae evtstrm crc32 
CPU implementer	: 0x41
CPU architecture: 7
CPU variant	: 0x0
CPU part	: 0xd03
CPU revision	: 4

processor	: 2
model name	: ARMv7 Processor rev 4 (v7l)
BogoMIPS	: 38.40
Features	: half thumb fastmult vfp edsp neon vfpv3 tls vfpv4 idiva idivt vfpd32 lpae evtstrm crc32 
CPU implementer	: 0x41
CPU architecture: 7
CPU variant	: 0x0
CPU part	: 0xd03
CPU revision	: 4

processor	: 3
model name	: ARMv7 Processor rev 4 (v7l)
BogoMIPS	: 38.40
Features	: half thumb fastmult vfp edsp neon vfpv3 tls vfpv4 idiva idivt vfpd32 lpae evtstrm crc32 
CPU implementer	: 0x41
CPU architecture: 7
CPU vLinux version 4.8.11-v7 (dinesh@dinesh-Inspiron-15-7568) (gcc version 5.4.0 20160609 (Ubuntu/Linaro 5.4.0-6ubuntu1~16.04.1) ) #1 SMP Mon Nov 28 22:11:34 IST 2016


From File /proc/version
Linux version 4.8.11-v7 (dinesh@dinesh-Inspiron-15-7568) (gcc version 5.4.0 20160609 (Ubuntu/Linaro 5.4.0-6ubuntu1~16.04.1) ) #1 SMP Mon Nov 28 22:11:34 IST 2016


Nanoseconds one Dhrystone run:       274.65
Dhrystones per Second:              3640955
VAX  MIPS rating =                  2072.26

Type additional information to include in Dhry.txt - Press Enter

root@linaro-developer:~# ls
Dhry.txt  dhry.32  linpack.32  lloops.32  lloops2.32  typescript  whets.32
root@linaro-developer:~# ./linpack.32 

##########################################
Unrolled Double Precision Linpack Benchmark - Linux Version in 'C/C++'

Optimisation vfpv4 32 Bit

norm resid      resid           machep         x[0]-1          x[n-1]-1
   1.7    7.41628980e-14   2.22044605e-16  -1.49880108e-14  -1.89848137e-14

Times are reported for matrices of order          100
1 pass times for array with leading dimension of  201

      dgefa      dgesl      total     Mflops       unit      ratio
    0.00758    0.00024    0.00782      87.86     0.0228     0.1396

Calculating matgen overhead
        10 times   0.01 seconds
       100 times   0.06 seconds
      1000 times   0.50 seconds
      2000 times   0.62 seconds
      4000 times   1.25 seconds
Overhead for 1 matgen      0.00031 seconds

Calculating matgen/dgefa passes for 1 seconds
        10 times   0.04 seconds
       100 times   0.41 seconds
       200 times   0.81 seconds
       400 times   1.62 seconds
Passes used        246 

Times for array with leading dimension of 201

      dgefa      dgesl      total     Mflops       unit      ratio
    0.00374    0.00012    0.00386     178.02     0.0112     0.0689
    0.00374    0.00012    0.00386     178.03     0.0112     0.0689
    0.00374    0.00012    0.00386     178.03     0.0112     0.0689
    0.00374    0.00012    0.00386     178.03     0.0112     0.0689
    0.00374    0.00012    0.00386     178.04     0.0112     0.0689
Average                               178.03

Calculating matgen2 overhead
Overhead for 1 matgen      0.00032 seconds

Times for array with leading dimension of 200

      dgefa      dgesl      total     Mflops       unit      ratio
    0.00373    0.00012    0.00385     178.44     0.0112     0.0687
    0.00373    0.00012    0.00385     178.43     0.0112     0.0687
    0.00373    0.00012    0.00385     178.45     0.0112     0.0687
    0.00373    0.00012    0.00385     178.42     0.0112     0.0687
    0.00373    0.00012    0.00385     178.44     0.0112     0.0687
Average                               178.44

##########################################

From File /proc/cpuinfo
processor	: 0
model name	: ARMv7 Processor rev 4 (v7l)
BogoMIPS	: 38.40
Features	: half thumb fastmult vfp edsp neon vfpv3 tls vfpv4 idiva idivt vfpd32 lpae evtstrm crc32 
CPU implementer	: 0x41
CPU architecture: 7
CPU variant	: 0x0
CPU part	: 0xd03
CPU revision	: 4

processor	: 1
model name	: ARMv7 Processor rev 4 (v7l)
BogoMIPS	: 38.40
Features	: half thumb fastmult vfp edsp neon vfpv3 tls vfpv4 idiva idivt vfpd32 lpae evtstrm crc32 
CPU implementer	: 0x41
CPU architecture: 7
CPU variant	: 0x0
CPU part	: 0xd03
CPU revision	: 4

processor	: 2
model name	: ARMv7 Processor rev 4 (v7l)
BogoMIPS	: 38.40
Features	: half thumb fastmult vfp edsp neon vfpv3 tls vfpv4 idiva idivt vfpd32 lpae evtstrm crc32 
CPU implementer	: 0x41
CPU architecture: 7
CPU variant	: 0x0
CPU part	: 0xd03
CPU revision	: 4

processor	: 3
model name	: ARMv7 Processor rev 4 (v7l)
BogoMIPS	: 38.40
Features	: half thumb fastmult vfp edsp neon vfpv3 tls vfpv4 idiva idivt vfpd32 lpae evtstrm crc32 
CPU implementer	: 0x41
CPU architecture: 7
CPU vLinux version 4.8.11-v7 (dinesh@dinesh-Inspiron-15-7568) (gcc version 5.4.0 20160609 (Ubuntu/Linaro 5.4.0-6ubuntu1~16.04.1) ) #1 SMP Mon Nov 28 22:11:34 IST 2016


From File /proc/version
Linux version 4.8.11-v7 (dinesh@dinesh-Inspiron-15-7568) (gcc version 5.4.0 20160609 (Ubuntu/Linaro 5.4.0-6ubuntu1~16.04.1) ) #1 SMP Mon Nov 28 22:11:34 IST 2016


Unrolled Double  Precision      178.03 Mflops 


Type additional information to include in linpack.txt - Press Enter

root@linaro-developer:~# ls
Dhry.txt  Linpack.txt  dhry.32	linpack.32  lloops.32  lloops2.32  typescript  whets.32
root@linaro-developer:~# ./llp[Koops.32 
L.L.N.L. 'C' KERNELS: MFLOPS   P.C.  VERSION 4.0

Optimisation  vfpv4 32 Bit

Calculating outer loop overhead
      1000 times   0.00 seconds
     10000 times   0.00 seconds
    100000 times   0.01 seconds
   1000000 times   0.06 seconds
   2000000 times   0.12 seconds
   4000000 times   0.18 seconds
   8000000 times   0.23 seconds
Overhead for each loop   2.9198e-08 seconds

##########################################

From File /proc/cpuinfo
processor	: 0
model name	: ARMv7 Processor rev 4 (v7l)
BogoMIPS	: 38.40
Features	: half thumb fastmult vfp edsp neon vfpv3 tls vfpv4 idiva idivt vfpd32 lpae evtstrm crc32 
CPU implementer	: 0x41
CPU architecture: 7
CPU variant	: 0x0
CPU part	: 0xd03
CPU revision	: 4

processor	: 1
model name	: ARMv7 Processor rev 4 (v7l)
BogoMIPS	: 38.40
Features	: half thumb fastmult vfp edsp neon vfpv3 tls vfpv4 idiva idivt vfpd32 lpae evtstrm crc32 
CPU implementer	: 0x41
CPU architecture: 7
CPU variant	: 0x0
CPU part	: 0xd03
CPU revision	: 4

processor	: 2
model name	: ARMv7 Processor rev 4 (v7l)
BogoMIPS	: 38.40
Features	: half thumb fastmult vfp edsp neon vfpv3 tls vfpv4 idiva idivt vfpd32 lpae evtstrm crc32 
CPU implementer	: 0x41
CPU architecture: 7
CPU variant	: 0x0
CPU part	: 0xd03
CPU revision	: 4

processor	: 3
model name	: ARMv7 Processor rev 4 (v7l)
BogoMIPS	: 38.40
Features	: half thumb fastmult vfp edsp neon vfpv3 tls vfpv4 idiva idivt vfpd32 lpae evtstrm crc32 
CPU implementer	: 0x41
CPU architecture: 7
CPU vLinux version 4.8.11-v7 (dinesh@dinesh-Inspiron-15-7568) (gcc version 5.4.0 20160609 (Ubuntu/Linaro 5.4.0-6ubuntu1~16.04.1) ) #1 SMP Mon Nov 28 22:11:34 IST 2016


From File /proc/version
Linux version 4.8.11-v7 (dinesh@dinesh-Inspiron-15-7568) (gcc version 5.4.0 20160609 (Ubuntu/Linaro 5.4.0-6ubuntu1~16.04.1) ) #1 SMP Mon Nov 28 22:11:34 IST 2016

Calibrating part 1 of 3

Segmentation fault
root@linaro-developer:~# ls
Dhry.txt  LLloops.txt  Linpack.txt  dhry.32  linpack.32  lloops.32  lloops2.32	typescript  whets.32
root@linaro-developer:~# ./lloops2.32 
L.L.N.L. 'C' KERNELS: MFLOPS   P.C.  VERSION 4.0

Optimisation  vfpv4 32 Bit

Calculating outer loop overhead
      1000 times   0.00 seconds
     10000 times   0.00 seconds
    100000 times   0.01 seconds
   1000000 times   0.06 seconds
   2000000 times   0.12 seconds
   4000000 times   0.23 seconds
Overhead for each loop   5.8435e-08 seconds

##########################################

From File /proc/cpuinfo
processor	: 0
model name	: ARMv7 Processor rev 4 (v7l)
BogoMIPS	: 38.40
Features	: half thumb fastmult vfp edsp neon vfpv3 tls vfpv4 idiva idivt vfpd32 lpae evtstrm crc32 
CPU implementer	: 0x41
CPU architecture: 7
CPU variant	: 0x0
CPU part	: 0xd03
CPU revision	: 4

processor	: 1
model name	: ARMv7 Processor rev 4 (v7l)
BogoMIPS	: 38.40
Features	: half thumb fastmult vfp edsp neon vfpv3 tls vfpv4 idiva idivt vfpd32 lpae evtstrm crc32 
CPU implementer	: 0x41
CPU architecture: 7
CPU variant	: 0x0
CPU part	: 0xd03
CPU revision	: 4

processor	: 2
model name	: ARMv7 Processor rev 4 (v7l)
BogoMIPS	: 38.40
Features	: half thumb fastmult vfp edsp neon vfpv3 tls vfpv4 idiva idivt vfpd32 lpae evtstrm crc32 
CPU implementer	: 0x41
CPU architecture: 7
CPU variant	: 0x0
CPU part	: 0xd03
CPU revision	: 4

processor	: 3
model name	: ARMv7 Processor rev 4 (v7l)
BogoMIPS	: 38.40
Features	: half thumb fastmult vfp edsp neon vfpv3 tls vfpv4 idiva idivt vfpd32 lpae evtstrm crc32 
CPU implementer	: 0x41
CPU architecture: 7
CPU vLinux version 4.8.11-v7 (dinesh@dinesh-Inspiron-15-7568) (gcc version 5.4.0 20160609 (Ubuntu/Linaro 5.4.0-6ubuntu1~16.04.1) ) #1 SMP Mon Nov 28 22:11:34 IST 2016


From File /proc/version
Linux version 4.8.11-v7 (dinesh@dinesh-Inspiron-15-7568) (gcc version 5.4.0 20160609 (Ubuntu/Linaro 5.4.0-6ubuntu1~16.04.1) ) #1 SMP Mon Nov 28 22:11:34 IST 2016

Calibrating part 1 of 3

Loop count          4  0.00 seconds
Loop count         16  0.00 seconds

Loops  200 x  1 x Passes

Kernel       Floating Pt ops
No  Passes E No    Total      Secs.  MFLOPS Span     Checksums          OK
------------ -- ------------- ----- ------- ---- ---------------------- --
 1   7 x  34  5  2.382380e+08  1.00  238.08 1001  5.114652693224671e+04 16
 2  67 x  46  4  2.391632e+08  1.01  237.56  101  1.539721811668385e+03 15
 3   9 x 134  2  4.828824e+08  1.00  480.74 1001  1.000742883066363e+01 15
 4  14 x 118  2  3.964800e+08  1.00  394.82 1001  5.999250595473891e-01 16
 5  10 x  40  2  1.600000e+08  1.01  158.43 1001  4.548871642387267e+03 16
 6   3 x  70  2  1.666560e+08  1.00  166.73   64  4.375116344729986e+03 16
 7   4 x  23 16  2.929280e+08  1.00  294.11  995  6.104251075174761e+04 16
 8  10 x  31 36  4.419360e+08  0.99  446.45  100  1.501268005625795e+05 15
 9  36 x  34 17  4.203216e+08  1.01  416.35  101  1.189443609974981e+05 16
10  34 x  36  9  2.225232e+08  0.99  224.24  101  7.310369784325296e+04 16
11  11 x  78  1  1.716000e+08  1.00  171.61 1001  3.342910972650109e+07 16
12  12 x  55  1  1.320000e+08  0.99  133.37 1000  2.907141294167248e-05 16
13  36 x  32  7  1.032192e+08  1.02  100.95   64  1.202533961842805e+11 15
14   2 x  23 11  1.013012e+08  1.02   99.68 1001  3.165553044000335e+09 15
15   1 x  68 33  2.244000e+08  0.99  227.42  101  3.943816690352044e+04 15
16  25 x  65 10  1.722500e+08  1.00  172.51   75  5.650760000000000e+05 16
17  35 x  58  9  3.690540e+08  1.01  364.85  101  1.114641772902486e+03 16
18   2 x  32 44  2.787840e+08  1.01  274.87  100  1.015727037502299e+05 15
19  39 x  51  6  2.410668e+08  1.00  239.89  101  5.421816960147207e+02 16
20   1 x  48 26  2.496000e+08  0.99  252.47 1000  3.040644339351239e+07 16
21   1 x   5  2  1.262500e+08  1.00  125.83  101  1.597308280710199e+08 15
22  11 x  15 17  5.666100e+07  1.02   55.39  101  2.938604376566697e+02 16
23   8 x  33 11  2.874960e+08  0.99  289.21  100  3.549900501563623e+04 16
24   5 x  93  1  9.300000e+07  1.01   92.30 1001  5.000000000000000e+02 16

                     Maximum   Rate  480.74 
                     Average   Rate  235.75 
                     Geometric Mean  206.34 
                     Harmonic  Mean  176.35 
                     Minimum   Rate   55.39 

                     Do Span    471

Calibrating part 2 of 3

Loop count          8  0.00 seconds
Loop count         32  0.00 seconds

Loops  200 x  2 x Passes

Kernel       Floating Pt ops
No  Passes E No    Total      Secs.  MFLOPS Span     Checksums          OK
------------ -- ------------- ----- ------- ---- ---------------------- --
 1  40 x  30  5  2.424000e+08  1.00  241.45  101  5.253344778937972e+02 16
 2  40 x  39  4  2.421120e+08  1.02  237.59  101  1.539721811668385e+03 15
 3  53 x 116  2  4.967584e+08  1.01  493.65  101  1.009741436578952e+00 16
 4  70 x 106  2  3.561600e+08  0.99  358.72  101  5.999250595473891e-01 16
 5  55 x  37  2  1.628000e+08  1.01  161.73  101  4.589031939600982e+01 16
 6   7 x  61  2  1.639680e+08  0.99  165.98   32  8.631675645333210e+01 16
 7  22 x  22 16  3.128576e+08  1.04  300.35  101  6.345586315784055e+02 16
 8   6 x  26 36  4.447872e+08  1.00  446.45  100  1.501268005625795e+05 15
 9  21 x  29 17  4.182612e+08  1.00  416.20  101  1.189443609974981e+05 16
10  19 x  33  9  2.279772e+08  1.02  224.27  101  7.310369784325296e+04 16
11  64 x  69  1  1.766400e+08  1.01  174.92  101  3.433560407475758e+04 16
12  68 x  50  1  1.360000e+08  1.00  135.57  100  7.127569130821465e-06 16
13  41 x  28  7  1.028608e+08  1.02  100.94   32  9.816387810944356e+10 15
14  10 x  25 11  1.111000e+08  1.02  109.23  101  3.039983465145392e+07 15
15   1 x  35 33  2.310000e+08  1.02  227.42  101  3.943816690352044e+04 15
16  27 x  57 10  1.723680e+08  1.01  170.29   40  6.480410000000000e+05 16
17  20 x  51  9  3.708720e+08  1.02  364.84  101  1.114641772902486e+03 16
18   1 x  32 44  2.787840e+08  1.01  274.88  100  1.015727037502299e+05 15
19  23 x  44  6  2.453088e+08  1.02  239.89  101  5.421816960147207e+02 16
20   8 x  32 26  2.662400e+08  1.00  265.12  100  3.126205178815431e+04 16
21   1 x   6  2  1.500000e+08  1.03  146.05   50  7.824524877232093e+07 16
22   7 x  12 17  5.769120e+07  1.04   55.39  101  2.938604376566697e+02 16
23   5 x  27 11  2.940300e+08  1.02  289.23  100  3.549900501563623e+04 16
24  31 x  76  1  9.424000e+07  1.01   93.11  101  5.000000000000000e+01 16

                     Maximum   Rate  493.65 
                     Average   Rate  237.22 
                     Geometric Mean  208.96 
                     Harmonic  Mean  179.58 
                     Minimum   Rate   55.39 

                     Do Span     90

Calibrating part 3 of 3

Loop count         32  0.00 seconds
Loop count        128  0.00 seconds
Loop count        512  0.01 seconds

Loops  200 x  8 x Passes

Kernel       Floating Pt ops
No  Passes E No    Total      Secs.  MFLOPS Span     Checksums          OK
------------ -- ------------- ----- ------- ---- ---------------------- --
 1  28 x  41  5  2.479680e+08  1.01  246.24   27  3.855104502494961e+01 16
 2  46 x  73  4  2.364032e+08  1.00  236.62   15  3.953296986903059e+01 16
 3  37 x 168  2  5.370624e+08  1.00  536.88   27  2.699309089320672e-01 16
 4  38 x 162  2  2.954880e+08  0.98  301.20   27  5.999250595473891e-01 16
 5  40 x  51  2  1.697280e+08  1.01  167.33   27  3.182615248447483e+00 16
 6  21 x  85  2  1.370880e+08  1.02  134.86    8  1.120309393467088e+00 15
 7  20 x  29 16  3.118080e+08  1.03  303.02   21  2.845720217644024e+01 16
 8   9 x  33 36  4.447872e+08  1.01  439.84   14  2.960543667875005e+03 15
 9  26 x  40 17  4.243200e+08  1.01  422.01   15  2.623968460874250e+03 16
10  25 x  51  9  2.754000e+08  1.02  270.47   15  1.651291227698265e+03 16
11  46 x  97  1  1.856192e+08  1.00  186.19   27  6.551161335845770e+02 16
12  48 x  72  1  1.437696e+08  1.01  142.85   26  1.943435981130448e-06 16
13  31 x  37  7  1.027712e+08  1.00  102.40    8  3.847124199949431e+10 15
14   8 x  30 11  1.140480e+08  1.03  110.57   27  2.923540598672009e+06 15
15   1 x  63 33  2.328480e+08  1.01  229.66   15  1.108997288134785e+03 16
16  14 x  72 10  1.774080e+08  1.01  175.10   15  5.152160000000000e+05 16
17  26 x  71  9  3.987360e+08  1.00  398.00   15  2.947368618589361e+01 16
18   2 x  31 44  2.837120e+08  1.03  275.77   14  9.700646212337041e+02 16
19  28 x  60  6  2.419200e+08  1.01  240.50   15  1.268230698051003e+01 15
20   7 x  35 26  2.649920e+08  1.00  264.35   26  5.987713249475302e+02 16
21   1 x   4  2  1.600000e+08  1.13  141.45   20  5.009945671204667e+07 16
22   8 x  17 17  5.548800e+07  1.00   55.56   15  6.109968728263972e+00 16
23   7 x  36 11  2.882880e+08  1.03  281.06   14  4.850340602749970e+02 16
24  23 x 101  1  9.663680e+07  1.01   95.79   27  1.300000000000000e+01 16

                     Maximum   Rate  536.88 
                     Average   Rate  239.90 
                     Geometric Mean  210.58 
                     Harmonic  Mean  180.60 
                     Minimum   Rate   55.56 

                     Do Span     19

                Overall

                Part 1 weight 1
                Part 2 weight 2
                Part 3 weight 1

                     Maximum   Rate  536.88 
                     Average   Rate  237.52 
                     Geometric Mean  208.71 
                     Harmonic  Mean  179.01 
                     Minimum   Rate   55.39 

                     Do Span    167


Type additional information to include in linpack.txt - Press Enter

root@linaro-developer:~# ./lloops2.32 [Kls
Dhry.txt  LLloops.txt  Linpack.txt  dhry.32  linpack.32  lloops.32  lloops2.32	typescript  whets.32
root@linaro-developer:~# ./whets.32 

##########################################
Single Precision C Whetstone Benchmark vfpv4 32 Bit, Sat May 21 22:36:40 2016

Calibrate
       0.01 Seconds          1   Passes (x 100)
       0.03 Seconds          5   Passes (x 100)
       0.14 Seconds         25   Passes (x 100)
       0.36 Seconds        125   Passes (x 100)
       1.70 Seconds        625   Passes (x 100)
       8.51 Seconds       3125   Passes (x 100)

Use 3671  passes (x 100)

From File /proc/cpuinfo
processor	: 0
model name	: ARMv7 Processor rev 4 (v7l)
BogoMIPS	: 38.40
Features	: half thumb fastmult vfp edsp neon vfpv3 tls vfpv4 idiva idivt vfpd32 lpae evtstrm crc32 
CPU implementer	: 0x41
CPU architecture: 7
CPU variant	: 0x0
CPU part	: 0xd03
CPU revision	: 4

processor	: 1
model name	: ARMv7 Processor rev 4 (v7l)
BogoMIPS	: 38.40
Features	: half thumb fastmult vfp edsp neon vfpv3 tls vfpv4 idiva idivt vfpd32 lpae evtstrm crc32 
CPU implementer	: 0x41
CPU architecture: 7
CPU variant	: 0x0
CPU part	: 0xd03
CPU revision	: 4

processor	: 2
model name	: ARMv7 Processor rev 4 (v7l)
BogoMIPS	: 38.40
Features	: half thumb fastmult vfp edsp neon vfpv3 tls vfpv4 idiva idivt vfpd32 lpae evtstrm crc32 
CPU implementer	: 0x41
CPU architecture: 7
CPU variant	: 0x0
CPU part	: 0xd03
CPU revision	: 4

processor	: 3
model name	: ARMv7 Processor rev 4 (v7l)
BogoMIPS	: 38.40
Features	: half thumb fastmult vfp edsp neon vfpv3 tls vfpv4 idiva idivt vfpd32 lpae evtstrm crc32 
CPU implementer	: 0x41
CPU architecture: 7
CPU vLinux version 4.8.11-v7 (dinesh@dinesh-Inspiron-15-7568) (gcc version 5.4.0 20160609 (Ubuntu/Linaro 5.4.0-6ubuntu1~16.04.1) ) #1 SMP Mon Nov 28 22:11:34 IST 2016


From File /proc/version
Linux version 4.8.11-v7 (dinesh@dinesh-Inspiron-15-7568) (gcc version 5.4.0 20160609 (Ubuntu/Linaro 5.4.0-6ubuntu1~16.04.1) ) #1 SMP Mon Nov 28 22:11:34 IST 2016


          Single Precision C/C++ Whetstone Benchmark

Loop content                  Result              MFLOPS      MOPS   Seconds

N1 floating point     -1.12475013732910156       336.534              0.209
N2 floating point     -1.12274742126464844       302.086              1.633
N3 if then else        1.00000000000000000                1797.891    0.211
N4 fixed point        12.00000000000000000                1498.678    0.772
N6 floating point      0.99999982118606567       299.731              6.606
N7 assignments         3.00000000000000000                1198.890    0.566

MWIPS                                           3671.789              9.998


A new results file, whets.txt,  will have been created in the same
directory as the .EXE files, if one did not already exist.

Type additional information to include in whets.txt - Press Enter

root@linaro-developer:~# exit

Script done on Sat 21 May 2016 10:38:03 PM UTC
